
     Program PW2WANNIER v.6.2 (svn rev. 13949:13950) starts on  3Jan2018 at 14:37:26 

     This program is part of the open-source Quantum ESPRESSO suite
     for quantum simulation of materials; please cite
         "P. Giannozzi et al., J. Phys.:Condens. Matter 21 395502 (2009);
         "P. Giannozzi et al., J. Phys.:Condens. Matter 29 465901 (2017);
          URL http://www.quantum-espresso.org", 
     in publications or presentations arising from this work. More details at
     http://www.quantum-espresso.org/quote

     Parallel version (MPI), running on     1 processors

     MPI processes distributed on     1 nodes
 
  Reading nscf_save data

     Reading data from directory:
     ./Te.save/

     IMPORTANT: XC functional enforced from input :
     Exchange-correlation      = PBE ( 1  4  3  4 0 0)
     Any further DFT definition will be discarded
     Please, verify this is what you really want

 
     G-vector sticks info
     --------------------
     sticks:   dense  smooth     PW     G-vecs:    dense   smooth      PW
     Sum         199     199     85                 2981     2981     723
 

     Check: negative/imaginary core charge=   -0.000277    0.000000
 
  Spin CASE ( default = unpolarized )
 
  Wannier mode is: standalone     
 
  -----------------
  *** Reading nnkp 
  -----------------
 
  Checking info from wannier.nnkp file
 
  - Real lattice is ok
  - Reciprocal lattice is ok
  - K-points are ok
  - Number of wannier functions is ok (  9)
  - All guiding functions are given 
 
 Projections:
    0.137020    0.237326    0.000000  1  1  1    1.000000
    0.137020    0.237326    0.000000  1  2  1    1.000000
    0.137020    0.237326    0.000000  1  3  1    1.000000
   -0.274040    0.000000    0.445596  1  1  1    1.000000
   -0.274040    0.000000    0.445596  1  2  1    1.000000
   -0.274040    0.000000    0.445596  1  3  1    1.000000
    0.137020   -0.237326    0.891204  1  1  1    1.000000
    0.137020   -0.237326    0.891204  1  2  1    1.000000
    0.137020   -0.237326    0.891204  1  3  1    1.000000
 
  Reading data about k-point neighbours 
 
  All neighbours are found 
 
  Opening pp-files 
 
 
  ---------------
  *** Compute  A 
  ---------------
 
  AMN: iknum =        8
       1       2       3       4       5       6       7       8

  AMN calculated
 
  ---------------
  *** Compute  M 
  ---------------
 
  MMN: iknum =        8
       1       2       3       4       5       6       7       8

  MMN calculated
 
  ----------------
  *** Compute Orb 
  ----------------
 
 
  -----------------
  *** Compute  uHu 
  -----------------
 
 iknum =        8
       1
       2
       3
       4
       5
       6
       7
       8
 
  uHu calculated
 
  ----------------
  *** Write bands 
  ----------------
 
 
  -----------------------------
  *** Plot info is not printed 
  -----------------------------
 
  -----------------------------
  *** Parity info is not printed 
  -----------------------------
 
  ------------
  *** Stop pp 
  ------------
 
 
     init_pw2wan  :      0.17s CPU      0.30s WALL (       1 calls)
     compute_amn  :      1.78s CPU      2.07s WALL (       1 calls)
     compute_mmn  :      0.12s CPU      0.18s WALL (       1 calls)
 
     PW2WANNIER   :     1.95s CPU         2.40s WALL

 
   This run was terminated on:  14:37:29   3Jan2018            

=------------------------------------------------------------------------------=
   JOB DONE.
=------------------------------------------------------------------------------=
 
